[DISC] opened '/home/blizz/.attic-decomp/rom/image/Parasite Eve (USA) (Disc 1)/Parasite Eve (USA) (Disc 1).bin' (210685 user sectors)
[DISC] boot executable loaded into guest RAM
[DISC] CD command device enabled (mask=7)
[TRACE 0000] cd_command_device_enabled
[TRACE 0000] native_executable_start
[ROUTE] --route-pad: full Day-1/Day-2 pad sequence (3162 pairs) + sewer/M34 pilot + skip-movie + skip-opening-menu
[TRACE 0000] call_func_8001220C
CD_init:addr=8009b298
[STUB:HOST_ADAPTED] func_801909B4_skip_movie_new_game (first invocation)
[TRACE 0000] skip_movie_new_game_selector
[STUB:HOST_ADAPTED] func_8006E9A0_skip_movie_fade (first invocation)
[STUB:HOST_ADAPTED] func_80014E30_skip_movie (first invocation)
[ROUTE] frame=500 token=A8001048 story=00000001 victories=0
[STUB:HOST_ADAPTED] func_80016F10_skip_opening_menu (first invocation)
[ROUTE] frame=1000 token=A8000148 story=00000009 victories=0
[ROUTE] frame=1500 token=A80001C8 story=00000009 victories=0
[ROUTE] frame=2000 token=A80001C8 story=00000009 victories=0
[ROUTE] frame=2500 token=A8067148 story=00000009 victories=0
[ROUTE] frame=3000 token=A8067148 story=00000009 victories=0
[ROUTE] frame=3500 token=A8067148 story=00000009 victories=0
[ROUTE] frame=4000 token=A8067148 story=00000009 victories=0
[ROUTE] frame=4500 token=A8067148 story=00000009 victories=0
[ROUTE] frame=5000 token=A8000248 story=00000012 victories=0
[ROUTE] frame=5500 token=A8000248 story=00000018 victories=0
[ROUTE] frame=6000 token=A8000248 story=00000018 victories=0
[ROUTE] frame=6500 token=A8067448 story=00000018 victories=0
[ROUTE] frame=7000 token=A80673C8 story=00000018 victories=0
[ROUTE] frame=7500 token=A8067448 story=00000018 victories=0
[ROUTE] frame=8000 token=A8000248 story=00000018 victories=0
[ROUTE] frame=8500 token=A8000248 story=00000018 victories=0
[ROUTE] frame=9000 token=A8000248 story=00000018 victories=0
[ROUTE] frame=9500 token=A80002C8 story=00000018 victories=0
[ROUTE] frame=10000 token=A80002C8 story=00000028 victories=0
[ROUTE] frame=10500 token=A80002C8 story=00000028 victories=0
[ROUTE] frame=11000 token=A80002C8 story=00000028 victories=0
[ROUTE] frame=11500 token=A80002C8 story=00000028 victories=0
[ROUTE] frame=12000 token=A80663C8 story=00000026 victories=0
[ROUTE] frame=12500 token=A80002C8 story=00000028 victories=0
[ROUTE] frame=13000 token=A80002C8 story=00000028 victories=0
[ROUTE] frame=13500 token=A80002C8 story=00000028 victories=0
[ROUTE] frame=14000 token=A80002C8 story=00000028 victories=0
[ROUTE] frame=14500 token=A80004C8 story=00000028 victories=0
[ROUTE] frame=15000 token=A80004C8 story=00000028 victories=0
[ROUTE] frame=15500 token=A80010C8 story=00000030 victories=0
[ROUTE] frame=16000 token=A80010C8 story=00000030 victories=0
[ROUTE] frame=16500 token=A80010C8 story=00000038 victories=0
[ROUTE] frame=17000 token=A80010C8 story=00000038 victories=0
[ROUTE] frame=17500 token=A80010C8 story=00000038 victories=0
[ROUTE] frame=18000 token=A8001148 story=00000039 victories=0
[ROUTE] frame=18500 token=A8001148 story=00000039 victories=0
LOOT_CONNECTED_STATE frame=18501 xp=0 base=0 ammo=0 pending=0
[ROUTE] frame=19000 token=A80011C8 story=00000040 victories=0
[ROUTE] frame=19500 token=A8001148 story=00000048 victories=0
[ROUTE] frame=20000 token=A8001148 story=00000048 victories=0
[TRACE 0000] func_8001220C_returned
[TRACE 0000] shutdown_begin
[SCREENSHOT] /tmp/pe-port-black.ppm (320x240)
[FB] vsyncs=21215 drawsyncs=20074 presents=20000 mask=1 main_iters=1
[HOST] stop_reason=frame-limit
[GPU] fills=19997 mono_rects=7315 tex_rects=6616060 moves=1 polygons=10466862 polygon_pixels=63152958 draw_mode_writes=6649651 last_mono=0x62000000@0x00000000 size=0x00E00140
[BOUNDARY_REPORT] 256 recorded arg4 call(s) (log full; later calls dropped)
[BOUNDARY_REPORT]   0 func_80076C34 <- func_80074F44 target=0x80076C34 a0=0x80076434 a1=0x00000000 a2=0x00000008 a3=0x00010000 payload=00000000FF030002
[BOUNDARY_REPORT]   1 func_80076C34 <- func_80074F44 target=0x80076C34 a0=0x80076434 a1=0x00000000 a2=0x00000008 a3=0x00010000 payload=00000000FF03FF01
[BOUNDARY_REPORT]   2 func_80076C34 <- func_8007506C target=0x80076C34 a0=0x80076664 a1=0x00000000 a2=0x00000008 a3=0x8012A8B8 payload=C002400020004000
[BOUNDARY_REPORT]   3 func_80076C34 <- func_8007506C target=0x80076C34 a0=0x80076664 a1=0x00000000 a2=0x00000008 a3=0x8012B8B8 payload=0001C80140000100
[BOUNDARY_REPORT]   4 func_80076C34 <- func_8007506C target=0x80076C34 a0=0x80076664 a1=0x00000000 a2=0x00000008 a3=0x8012B938 payload=C002000010002000
[BOUNDARY_REPORT]   5 func_80076C34 <- func_8007506C target=0x80076C34 a0=0x80076664 a1=0x00000000 a2=0x00000008 a3=0x8012BD38 payload=2001C10110000100
[BOUNDARY_REPORT]   6 func_80076C34 <- func_8007506C target=0x80076C34 a0=0x80076664 a1=0x00000000 a2=0x00000008 a3=0x8012BD58 payload=C002200010002000
[BOUNDARY_REPORT]   7 func_80076C34 <- func_8007506C target=0x80076C34 a0=0x80076664 a1=0x00000000 a2=0x00000008 a3=0x8012C158 payload=3001C10110000100
[BOUNDARY_REPORT]   8 func_80076C34 <- func_8007506C target=0x80076C34 a0=0x80076664 a1=0x00000000 a2=0x00000008 a3=0x8012C178 payload=D002000010002000
[BOUNDARY_REPORT]   9 func_80076C34 <- func_8007506C target=0x80076C34 a0=0x80076664 a1=0x00000000 a2=0x00000008 a3=0x8012C578 payload=1001C10110000100
[BOUNDARY_REPORT]  10 func_80076C34 <- func_8007506C target=0x80076C34 a0=0x80076664 a1=0x00000000 a2=0x00000008 a3=0x8012C598 payload=D002200010002000
[BOUNDARY_REPORT]  11 func_80076C34 <- func_8007506C target=0x80076C34 a0=0x80076664 a1=0x00000000 a2=0x00000008 a3=0x8012C998 payload=1001C00110000100
[BOUNDARY_REPORT]  12 func_80076C34 <- func_8007506C target=0x80076C34 a0=0x80076664 a1=0x00000000 a2=0x00000008 a3=0x8012C9B8 payload=E002000010002000
[BOUNDARY_REPORT]  13 func_80076C34 <- func_8007506C target=0x80076C34 a0=0x80076664 a1=0x00000000 a2=0x00000008 a3=0x8012CDB8 payload=0001C10110000100
[BOUNDARY_REPORT]  14 func_80076C34 <- func_8007506C target=0x80076C34 a0=0x80076664 a1=0x00000000 a2=0x00000008 a3=0x8012CDD8 payload=E002200010002000
[BOUNDARY_REPORT]  15 func_80076C34 <- func_8007506C target=0x80076C34 a0=0x80076664 a1=0x00000000 a2=0x00000008 a3=0x8012D1D8 payload=0001C00110000100
[BOUNDARY_REPORT]  16 func_80076C34 <- func_8007506C target=0x80076C34 a0=0x80076664 a1=0x00000000 a2=0x00000008 a3=0x8012D1F8 payload=F002000010002000
[BOUNDARY_REPORT]  17 func_80076C34 <- func_8007506C target=0x80076C34 a0=0x80076664 a1=0x00000000 a2=0x00000008 a3=0x8012D5F8 payload=3001C00110000100
[BOUNDARY_REPORT]  18 func_80076C34 <- func_8007506C target=0x80076C34 a0=0x80076664 a1=0x00000000 a2=0x00000008 a3=0x8012D618 payload=F002200010002000
[BOUNDARY_REPORT]  19 func_80076C34 <- func_8007506C target=0x80076C34 a0=0x80076664 a1=0x00000000 a2=0x00000008 a3=0x8012DA18 payload=2001C00110000100
[BOUNDARY_REPORT]  20 func_80076C34 <- func_8007506C target=0x80076C34 a0=0x80076664 a1=0x00000000 a2=0x00000008 a3=0x8012DA38 payload=0001D00110001000
[BOUNDARY_REPORT]  21 func_80076C34 <- func_8007506C target=0x80076C34 a0=0x80076664 a1=0x00000000 a2=0x00000008 a3=0x8012DC38 payload=3001DF0110000100
[BOUNDARY_REPORT]  22 func_80076C34 <- func_8007506C target=0x80076C34 a0=0x80076664 a1=0x00000000 a2=0x00000008 a3=0x8012DC58 payload=3001CA0104001000
[BOUNDARY_REPORT]  23 func_80076C34 <- func_8007506C target=0x80076C34 a0=0x80076664 a1=0x00000000 a2=0x00000008 a3=0x8012DCD8 payload=3001DC0110000100
[BOUNDARY_REPORT]  24 func_80076C34 <- func_8007506C target=0x80076C34 a0=0x80076664 a1=0x00000000 a2=0x00000008 a3=0x8012DCF8 payload=1001D4010C000C00
[BOUNDARY_REPORT]  25 func_80076C34 <- func_8007506C target=0x80076C34 a0=0x80076664 a1=0x00000000 a2=0x00000008 a3=0x8012DE18 payload=3001DE0110000100
[BOUNDARY_REPORT]  26 func_80076C34 <- func_8007506C target=0x80076C34 a0=0x80076664 a1=0x00000000 a2=0x00000008 a3=0x8012DE38 payload=1C01D40108000C00
[BOUNDARY_REPORT]  27 func_80076C34 <- func_8007506C target=0x80076C34 a0=0x80076664 a1=0x00000000 a2=0x00000008 a3=0x8012DEF8 payload=3001DD0110000100
[BOUNDARY_REPORT]  28 func_80076C34 <- func_8007506C target=0x80076C34 a0=0x80076664 a1=0x00000000 a2=0x00000008 a3=0x801229B4 payload=C00100004000FE00
[BOUNDARY_REPORT]  29 func_80076C34 <- func_8007506C target=0x80076C34 a0=0x80076664 a1=0x00000000 a2=0x00000008 a3=0x8012F1E0 payload=4001000040000001
[BOUNDARY_REPORT]  30 func_80076C34 <- func_8007506C target=0x80076C34 a0=0x80076664 a1=0x00000000 a2=0x00000008 a3=0x8012F1B4 payload=4001FC0010000100
[BOUNDARY_REPORT]  31 func_80076C34 <- func_8007506C target=0x80076C34 a0=0x80076664 a1=0x00000000 a2=0x00000008 a3=0x8017F2C0 payload=0001E00140002000
[BOUNDARY_REPORT]  32 func_80076C34 <- func_8007506C target=0x80076C34 a0=0x80076664 a1=0x00000000 a2=0x00000008 a3=0x8017F1B4 payload=3001F80110000800
[BOUNDARY_REPORT]  33 func_80076C34 <- func_8007506C target=0x80076C34 a0=0x80076664 a1=0x00000000 a2=0x00000008 a3=0x8012A9A8 payload=0000C80100010700
[BOUNDARY_REPORT]  34 func_80076C34 <- func_8007506C target=0x80076C34 a0=0x80076664 a1=0x00000000 a2=0x00000008 a3=0x8012B7A8 payload=0000CF0100010700
[BOUNDARY_REPORT]  35 func_80076C34 <- func_8007506C target=0x80076C34 a0=0x80076664 a1=0x00000000 a2=0x00000008 a3=0x8012C5A8 payload=0000D60100010100
[BOUNDARY_REPORT]  36 func_80076C34 <- func_8007506C target=0x80076C34 a0=0x80076664 a1=0x00000000 a2=0x00000008 a3=0x801861A8 payload=C0028C0006005000
[BOUNDARY_REPORT]  37 func_80076C34 <- func_8007506C target=0x80076C34 a0=0x80076664 a1=0x00000000 a2=0x00000008 a3=0x80186568 payload=3001C20110000100
[BOUNDARY_REPORT]  38 func_80076C34 <- func_8007506C target=0x80076C34 a0=0x80076664 a1=0x00000000 a2=0x00000008 a3=0x80186588 payload=C6028C0003005000
[BOUNDARY_REPORT]  39 func_80076C34 <- func_8007506C target=0x80076C34 a0=0x80076664 a1=0x00000000 a2=0x00000008 a3=0x80186768 payload=2001C20110000100
[BOUNDARY_REPORT]  40 func_80076C34 <- func_8007506C target=0x80076C34 a0=0x80076664 a1=0x00000000 a2=0x00000008 a3=0x80186788 payload=C402DD0006002300
[BOUNDARY_REPORT]  41 func_80076C34 <- func_8007506C target=0x80076C34 a0=0x80076664 a1=0x00000000 a2=0x00000008 a3=0x8018692C payload=1001C20110000100
[BOUNDARY_REPORT]  42 func_80076C34 <- func_8007506C target=0x80076C34 a0=0x80076664 a1=0x00000000 a2=0x00000008 a3=0x8018694C payload=C002DF0004002100
[BOUNDARY_REPORT]  43 func_80076C34 <- func_8007506C target=0x80076C34 a0=0x80076664 a1=0x00000000 a2=0x00000008 a3=0x80186A54 payload=0001C20110000100
[BOUNDARY_REPORT]  44 func_80076C34 <- func_8007506C target=0x80076C34 a0=0x80076664 a1=0x00000000 a2=0x00000008 a3=0x80186A74 payload=C902B40002001000
[BOUNDARY_REPORT]  45 func_80076C34 <- func_8007506C target=0x80076C34 a0=0x80076664 a1=0x00000000 a2=0x00000008 a3=0x80186AB4 payload=1001C20110000100
[BOUNDARY_REPORT]  46 func_80076C34 <- func_8007506C target=0x80076C34 a0=0x80076664 a1=0x00000000 a2=0x00000008 a3=0x80186AD4 payload=C902AC0002000800
[BOUNDARY_REPORT]  47 func_80076C34 <- func_8007506C target=0x80076C34 a0=0x80076664 a1=0x00000000 a2=0x00000008 a3=0x80186AF4 payload=0001C20110000100
[BOUNDARY_REPORT]  48 func_80076C34 <- func_8007506C target=0x80076C34 a0=0x80076664 a1=0x00000000 a2=0x00000008 a3=0x80186B14 payload=C902C40002000800
[BOUNDARY_REPORT]  49 func_80076C34 <- func_8007506C target=0x80076C34 a0=0x80076664 a1=0x00000000 a2=0x00000008 a3=0x80186B34 payload=0001C20110000100
[BOUNDARY_REPORT]  50 func_80076C34 <- func_80074F44 target=0x80076C34 a0=0x80076434 a1=0x00000000 a2=0x00000008 a3=0x00000000 payload=00000000E001E001
[BOUNDARY_REPORT]  51 func_80076C34 <- func_80074F44 target=0x80076C34 a0=0x80076434 a1=0x00000000 a2=0x00000008 a3=0x00000000 payload=000000004001E001
[BOUNDARY_REPORT]  52 func_80076C34 <- func_80074F44 target=0x80076C34 a0=0x80076434 a1=0x00000000 a2=0x00000008 a3=0x00010000 payload=000000004001C001
[BOUNDARY_REPORT]  53 func_80076C34 <- func_8007506C target=0x80076C34 a0=0x80076664 a1=0x00000000 a2=0x00000008 a3=0x8012A8B8 payload=C002400020004000
[BOUNDARY_REPORT]  54 func_80076C34 <- func_8007506C target=0x80076C34 a0=0x80076664 a1=0x00000000 a2=0x00000008 a3=0x8012B8B8 payload=0001C80140000100
[BOUNDARY_REPORT]  55 func_80076C34 <- func_8007506C target=0x80076C34 a0=0x80076664 a1=0x00000000 a2=0x00000008 a3=0x8012B938 payload=C002000010002000
[BOUNDARY_REPORT]  56 func_80076C34 <- func_8007506C target=0x80076C34 a0=0x80076664 a1=0x00000000 a2=0x00000008 a3=0x8012BD38 payload=2001C10110000100
[BOUNDARY_REPORT]  57 func_80076C34 <- func_8007506C target=0x80076C34 a0=0x80076664 a1=0x00000000 a2=0x00000008 a3=0x8012BD58 payload=C002200010002000
[BOUNDARY_REPORT]  58 func_80076C34 <- func_8007506C target=0x80076C34 a0=0x80076664 a1=0x00000000 a2=0x00000008 a3=0x8012C158 payload=3001C10110000100
[BOUNDARY_REPORT]  59 func_80076C34 <- func_8007506C target=0x80076C34 a0=0x80076664 a1=0x00000000 a2=0x00000008 a3=0x8012C178 payload=D002000010002000
[BOUNDARY_REPORT]  60 func_80076C34 <- func_8007506C target=0x80076C34 a0=0x80076664 a1=0x00000000 a2=0x00000008 a3=0x8012C578 payload=1001C10110000100
[BOUNDARY_REPORT]  61 func_80076C34 <- func_8007506C target=0x80076C34 a0=0x80076664 a1=0x00000000 a2=0x00000008 a3=0x8012C598 payload=D002200010002000
[BOUNDARY_REPORT]  62 func_80076C34 <- func_8007506C target=0x80076C34 a0=0x80076664 a1=0x00000000 a2=0x00000008 a3=0x8012C998 payload=1001C00110000100
[BOUNDARY_REPORT]  63 func_80076C34 <- func_8007506C target=0x80076C34 a0=0x80076664 a1=0x00000000 a2=0x00000008 a3=0x8012C9B8 payload=E002000010002000
[BOUNDARY_REPORT]  64 func_80076C34 <- func_8007506C target=0x80076C34 a0=0x80076664 a1=0x00000000 a2=0x00000008 a3=0x8012CDB8 payload=0001C10110000100
[BOUNDARY_REPORT]  65 func_80076C34 <- func_8007506C target=0x80076C34 a0=0x80076664 a1=0x00000000 a2=0x00000008 a3=0x8012CDD8 payload=E002200010002000
[BOUNDARY_REPORT]  66 func_80076C34 <- func_8007506C target=0x80076C34 a0=0x80076664 a1=0x00000000 a2=0x00000008 a3=0x8012D1D8 payload=0001C00110000100
[BOUNDARY_REPORT]  67 func_80076C34 <- func_8007506C target=0x80076C34 a0=0x80076664 a1=0x00000000 a2=0x00000008 a3=0x8012D1F8 payload=F002000010002000
[BOUNDARY_REPORT]  68 func_80076C34 <- func_8007506C target=0x80076C34 a0=0x80076664 a1=0x00000000 a2=0x00000008 a3=0x8012D5F8 payload=3001C00110000100
[BOUNDARY_REPORT]  69 func_80076C34 <- func_8007506C target=0x80076C34 a0=0x80076664 a1=0x00000000 a2=0x00000008 a3=0x8012D618 payload=F002200010002000
[BOUNDARY_REPORT]  70 func_80076C34 <- func_8007506C target=0x80076C34 a0=0x80076664 a1=0x00000000 a2=0x00000008 a3=0x8012DA18 payload=2001C00110000100
[BOUNDARY_REPORT]  71 func_80076C34 <- func_8007506C target=0x80076C34 a0=0x80076664 a1=0x00000000 a2=0x00000008 a3=0x8012DA38 payload=0001D00110001000
[BOUNDARY_REPORT]  72 func_80076C34 <- func_8007506C target=0x80076C34 a0=0x80076664 a1=0x00000000 a2=0x00000008 a3=0x8012DC38 payload=3001DF0110000100
[BOUNDARY_REPORT]  73 func_80076C34 <- func_8007506C target=0x80076C34 a0=0x80076664 a1=0x00000000 a2=0x00000008 a3=0x8012DC58 payload=3001CA0104001000
[BOUNDARY_REPORT]  74 func_80076C34 <- func_8007506C target=0x80076C34 a0=0x80076664 a1=0x00000000 a2=0x00000008 a3=0x8012DCD8 payload=3001DC0110000100
[BOUNDARY_REPORT]  75 func_80076C34 <- func_8007506C target=0x80076C34 a0=0x80076664 a1=0x00000000 a2=0x00000008 a3=0x8012DCF8 payload=1001D4010C000C00
[BOUNDARY_REPORT]  76 func_80076C34 <- func_8007506C target=0x80076C34 a0=0x80076664 a1=0x00000000 a2=0x00000008 a3=0x8012DE18 payload=3001DE0110000100
[BOUNDARY_REPORT]  77 func_80076C34 <- func_8007506C target=0x80076C34 a0=0x80076664 a1=0x00000000 a2=0x00000008 a3=0x8012DE38 payload=1C01D40108000C00
[BOUNDARY_REPORT]  78 func_80076C34 <- func_8007506C target=0x80076C34 a0=0x80076664 a1=0x00000000 a2=0x00000008 a3=0x8012DEF8 payload=3001DD0110000100
[BOUNDARY_REPORT]  79 func_80076C34 <- func_8007506C target=0x80076C34 a0=0x80076664 a1=0x00000000 a2=0x00000008 a3=0x801229B4 payload=C00100004000FE00
[BOUNDARY_REPORT]  80 func_80076C34 <- func_8007506C target=0x80076C34 a0=0x80076664 a1=0x00000000 a2=0x00000008 a3=0x8012F1E0 payload=4001000040000001
[BOUNDARY_REPORT]  81 func_80076C34 <- func_8007506C target=0x80076C34 a0=0x80076664 a1=0x00000000 a2=0x00000008 a3=0x8012F1B4 payload=4001FC0010000100
[BOUNDARY_REPORT]  82 func_80076C34 <- func_8007506C target=0x80076C34 a0=0x80076664 a1=0x00000000 a2=0x00000008 a3=0x8017F2C0 payload=0001E00140002000
[BOUNDARY_REPORT]  83 func_80076C34 <- func_8007506C target=0x80076C34 a0=0x80076664 a1=0x00000000 a2=0x00000008 a3=0x8017F1B4 payload=3001F80110000800
[BOUNDARY_REPORT]  84 func_80076C34 <- func_8007506C target=0x80076C34 a0=0x80076664 a1=0x00000000 a2=0x00000008 a3=0x8012A9A8 payload=0000C80100010700
[BOUNDARY_REPORT]  85 func_80076C34 <- func_8007506C target=0x80076C34 a0=0x80076664 a1=0x00000000 a2=0x00000008 a3=0x8012B7A8 payload=0000CF0100010700
[BOUNDARY_REPORT]  86 func_80076C34 <- func_8007506C target=0x80076C34 a0=0x80076664 a1=0x00000000 a2=0x00000008 a3=0x8012C5A8 payload=0000D60100010100
[BOUNDARY_REPORT]  87 func_80076C34 <- func_8007506C target=0x80076C34 a0=0x80076664 a1=0x00000000 a2=0x00000008 a3=0x801861A8 payload=C0028C0006005000
[BOUNDARY_REPORT]  88 func_80076C34 <- func_8007506C target=0x80076C34 a0=0x80076664 a1=0x00000000 a2=0x00000008 a3=0x80186568 payload=3001C20110000100
[BOUNDARY_REPORT]  89 func_80076C34 <- func_8007506C target=0x80076C34 a0=0x80076664 a1=0x00000000 a2=0x00000008 a3=0x80186588 payload=C6028C0003005000
[BOUNDARY_REPORT]  90 func_80076C34 <- func_8007506C target=0x80076C34 a0=0x80076664 a1=0x00000000 a2=0x00000008 a3=0x80186768 payload=2001C20110000100
[BOUNDARY_REPORT]  91 func_80076C34 <- func_8007506C target=0x80076C34 a0=0x80076664 a1=0x00000000 a2=0x00000008 a3=0x80186788 payload=C402DD0006002300
[BOUNDARY_REPORT]  92 func_80076C34 <- func_8007506C target=0x80076C34 a0=0x80076664 a1=0x00000000 a2=0x00000008 a3=0x8018692C payload=1001C20110000100
[BOUNDARY_REPORT]  93 func_80076C34 <- func_8007506C target=0x80076C34 a0=0x80076664 a1=0x00000000 a2=0x00000008 a3=0x8018694C payload=C002DF0004002100
[BOUNDARY_REPORT]  94 func_80076C34 <- func_8007506C target=0x80076C34 a0=0x80076664 a1=0x00000000 a2=0x00000008 a3=0x80186A54 payload=0001C20110000100
[BOUNDARY_REPORT]  95 func_80076C34 <- func_8007506C target=0x80076C34 a0=0x80076664 a1=0x00000000 a2=0x00000008 a3=0x80186A74 payload=C902B40002001000
[BOUNDARY_REPORT]  96 func_80076C34 <- func_8007506C target=0x80076C34 a0=0x80076664 a1=0x00000000 a2=0x00000008 a3=0x80186AB4 payload=1001C20110000100
[BOUNDARY_REPORT]  97 func_80076C34 <- func_8007506C target=0x80076C34 a0=0x80076664 a1=0x00000000 a2=0x00000008 a3=0x80186AD4 payload=C902AC0002000800
[BOUNDARY_REPORT]  98 func_80076C34 <- func_8007506C target=0x80076C34 a0=0x80076664 a1=0x00000000 a2=0x00000008 a3=0x80186AF4 payload=0001C20110000100
[BOUNDARY_REPORT]  99 func_80076C34 <- func_8007506C target=0x80076C34 a0=0x80076664 a1=0x00000000 a2=0x00000008 a3=0x80186B14 payload=C902C40002000800
[BOUNDARY_REPORT] 100 func_80076C34 <- func_8007506C target=0x80076C34 a0=0x80076664 a1=0x00000000 a2=0x00000008 a3=0x80186B34 payload=0001C20110000100
[BOUNDARY_REPORT] 101 func_80076C34 <- func_8007506C target=0x80076C34 a0=0x80076664 a1=0x00000000 a2=0x00000008 a3=0x801ED808 payload=000300004000FF00
[BOUNDARY_REPORT] 102 func_80076C34 <- func_8007506C target=0x80076C34 a0=0x80076664 a1=0x00000000 a2=0x00000008 a3=0x801F5788 payload=0003FF0040000100
[BOUNDARY_REPORT] 103 func_80076C34 <- func_8007506C target=0x80076C34 a0=0x80076664 a1=0x00000000 a2=0x00000008 a3=0x8010BD08 payload=0000E00100012000
[BOUNDARY_REPORT] 104 func_80076C34 <- func_8007506C target=0x80076C34 a0=0x80076664 a1=0x00000000 a2=0x00000008 a3=0x801ED808 payload=C00300014000FF00
[BOUNDARY_REPORT] 105 func_80076C34 <- func_8007506C target=0x80076C34 a0=0x80076664 a1=0x00000000 a2=0x00000008 a3=0x801F5788 payload=0000C00100010200
[BOUNDARY_REPORT] 106 func_80076C34 <- func_8007506C target=0x80076C34 a0=0x80076664 a1=0x00000000 a2=0x00000008 a3=0x801F5B88 payload=C003FF0140000100
[BOUNDARY_REPORT] 107 func_80076C34 <- func_8007506C target=0x80076C34 a0=0x80076664 a1=0x00000000 a2=0x00000008 a3=0x801ED808 payload=000300004000FF00
[BOUNDARY_REPORT] 108 func_80076C34 <- func_8007506C target=0x80076C34 a0=0x80076664 a1=0x00000000 a2=0x00000008 a3=0x801F5788 payload=0003FF0040000100
[BOUNDARY_REPORT] 109 func_80076C34 <- func_8007506C target=0x80076C34 a0=0x80076664 a1=0x00000000 a2=0x00000008 a3=0x801F5808 payload=400300004000FF00
[BOUNDARY_REPORT] 110 func_80076C34 <- func_8007506C target=0x80076C34 a0=0x80076664 a1=0x00000000 a2=0x00000008 a3=0x801FD788 payload=4003FF0040000100
[BOUNDARY_REPORT] 111 func_80076C34 <- func_8007506C target=0x80076C34 a0=0x80076664 a1=0x00000000 a2=0x00000008 a3=0x8010BD08 payload=800300004000FF00
[BOUNDARY_REPORT] 112 func_80076C34 <- func_8007506C target=0x80076C34 a0=0x80076664 a1=0x00000000 a2=0x00000008 a3=0x80113C88 payload=8003FF0040000100
[BOUNDARY_REPORT] 113 func_80076C34 <- func_8007506C target=0x80076C34 a0=0x80076664 a1=0x00000000 a2=0x00000008 a3=0x80113D08 payload=C00300004000FF00
[BOUNDARY_REPORT] 114 func_80076C34 <- func_8007506C target=0x80076C34 a0=0x80076664 a1=0x00000000 a2=0x00000008 a3=0x8011BC88 payload=C003FF0040000100
[BOUNDARY_REPORT] 115 func_80076C34 <- func_8007506C target=0x80076C34 a0=0x80076664 a1=0x00000000 a2=0x00000008 a3=0x8011BD08 payload=0000E00100012000
[BOUNDARY_REPORT] 116 func_80076C34 <- func_8007506C target=0x80076C34 a0=0x80076664 a1=0x00000000 a2=0x00000008 a3=0x8011FD08 payload=000200004000FF00
[BOUNDARY_REPORT] 117 func_80076C34 <- func_8007506C target=0x80076C34 a0=0x80076664 a1=0x00000000 a2=0x00000008 a3=0x8011BC88 payload=0002FF0040000100
[BOUNDARY_REPORT] 118 func_80076C34 <- func_8007506C target=0x80076C34 a0=0x80076664 a1=0x00000000 a2=0x00000008 a3=0x80127C88 payload=400200004000FF00
[BOUNDARY_REPORT] 119 func_80076C34 <- func_8007506C target=0x80076C34 a0=0x80076664 a1=0x00000000 a2=0x00000008 a3=0x8011BC88 payload=4002FF0040000100
[BOUNDARY_REPORT] 120 func_80076C34 <- func_8007506C target=0x80076C34 a0=0x80076664 a1=0x00000000 a2=0x00000008 a3=0x8012FC08 payload=0000C20100010200
[BOUNDARY_REPORT] 121 func_80076C34 <- func_8007506C target=0x80076C34 a0=0x80076664 a1=0x00000000 a2=0x00000008 a3=0x80130008 payload=0000C40100010200
[BOUNDARY_REPORT] 122 func_80076C34 <- func_8007506C target=0x80076C34 a0=0x80076664 a1=0x00000000 a2=0x00000008 a3=0x801ED808 payload=000300004000FF00
[BOUNDARY_REPORT] 123 func_80076C34 <- func_8007506C target=0x80076C34 a0=0x80076664 a1=0x00000000 a2=0x00000008 a3=0x801F5788 payload=0003FF0040000100
[BOUNDARY_REPORT] 124 func_80076C34 <- func_8007506C target=0x80076C34 a0=0x80076664 a1=0x00000000 a2=0x00000008 a3=0x801F5808 payload=400300004000FF00
[BOUNDARY_REPORT] 125 func_80076C34 <- func_8007506C target=0x80076C34 a0=0x80076664 a1=0x00000000 a2=0x00000008 a3=0x801FD788 payload=4003FF0040000100
[BOUNDARY_REPORT] 126 func_80076C34 <- func_8007506C target=0x80076C34 a0=0x80076664 a1=0x00000000 a2=0x00000008 a3=0x8010BD08 payload=800300004000FF00
[BOUNDARY_REPORT] 127 func_80076C34 <- func_8007506C target=0x80076C34 a0=0x80076664 a1=0x00000000 a2=0x00000008 a3=0x80113C88 payload=8003FF0040000100
[BOUNDARY_REPORT] 128 func_80076C34 <- func_8007506C target=0x80076C34 a0=0x80076664 a1=0x00000000 a2=0x00000008 a3=0x80113D08 payload=0000E00100012000
[BOUNDARY_REPORT] 129 func_80076C34 <- func_8007506C target=0x80076C34 a0=0x80076664 a1=0x00000000 a2=0x00000008 a3=0x80117D08 payload=000200004000FF00
[BOUNDARY_REPORT] 130 func_80076C34 <- func_8007506C target=0x80076C34 a0=0x80076664 a1=0x00000000 a2=0x00000008 a3=0x80113C88 payload=0002FF0040000100
[BOUNDARY_REPORT] 131 func_80076C34 <- func_8007506C target=0x80076C34 a0=0x80076664 a1=0x00000000 a2=0x00000008 a3=0x8011FC88 payload=400200004000FF00
[BOUNDARY_REPORT] 132 func_80076C34 <- func_8007506C target=0x80076C34 a0=0x80076664 a1=0x00000000 a2=0x00000008 a3=0x80113C88 payload=4002FF0040000100
[BOUNDARY_REPORT] 133 func_80076C34 <- func_8007506C target=0x80076C34 a0=0x80076664 a1=0x00000000 a2=0x00000008 a3=0x80127C08 payload=0000C20100010200
[BOUNDARY_REPORT] 134 func_80076C34 <- func_8007506C target=0x80076C34 a0=0x80076664 a1=0x00000000 a2=0x00000008 a3=0x80128008 payload=0000C40100010200
[BOUNDARY_REPORT] 135 func_80076C34 <- func_8007506C target=0x80076C34 a0=0x80076664 a1=0x00000000 a2=0x00000008 a3=0x801ED808 payload=000300004000FF00
[BOUNDARY_REPORT] 136 func_80076C34 <- func_8007506C target=0x80076C34 a0=0x80076664 a1=0x00000000 a2=0x00000008 a3=0x801F5788 payload=0003FF0040000100
[BOUNDARY_REPORT] 137 func_80076C34 <- func_8007506C target=0x80076C34 a0=0x80076664 a1=0x00000000 a2=0x00000008 a3=0x801F5808 payload=400300004000FF00
[BOUNDARY_REPORT] 138 func_80076C34 <- func_8007506C target=0x80076C34 a0=0x80076664 a1=0x00000000 a2=0x00000008 a3=0x801FD788 payload=4003FF0040000100
[BOUNDARY_REPORT] 139 func_80076C34 <- func_8007506C target=0x80076C34 a0=0x80076664 a1=0x00000000 a2=0x00000008 a3=0x8010BD08 payload=800300004000FF00
[BOUNDARY_REPORT] 140 func_80076C34 <- func_8007506C target=0x80076C34 a0=0x80076664 a1=0x00000000 a2=0x00000008 a3=0x80113C88 payload=8003FF0040000100
[BOUNDARY_REPORT] 141 func_80076C34 <- func_8007506C target=0x80076C34 a0=0x80076664 a1=0x00000000 a2=0x00000008 a3=0x80113D08 payload=C00300004000FF00
[BOUNDARY_REPORT] 142 func_80076C34 <- func_8007506C target=0x80076C34 a0=0x80076664 a1=0x00000000 a2=0x00000008 a3=0x8011BC88 payload=C003FF0040000100
[BOUNDARY_REPORT] 143 func_80076C34 <- func_8007506C target=0x80076C34 a0=0x80076664 a1=0x00000000 a2=0x00000008 a3=0x8011BD08 payload=400100014000FF00
[BOUNDARY_REPORT] 144 func_80076C34 <- func_8007506C target=0x80076C34 a0=0x80076664 a1=0x00000000 a2=0x00000008 a3=0x80123C88 payload=4001FF0140000100
[BOUNDARY_REPORT] 145 func_80076C34 <- func_8007506C target=0x80076C34 a0=0x80076664 a1=0x00000000 a2=0x00000008 a3=0x80123D08 payload=800100014000FF00
[BOUNDARY_REPORT] 146 func_80076C34 <- func_8007506C target=0x80076C34 a0=0x80076664 a1=0x00000000 a2=0x00000008 a3=0x8012BC88 payload=8001FF0140000100
[BOUNDARY_REPORT] 147 func_80076C34 <- func_8007506C target=0x80076C34 a0=0x80076664 a1=0x00000000 a2=0x00000008 a3=0x8012BD08 payload=C00100014000FF00
[BOUNDARY_REPORT] 148 func_80076C34 <- func_8007506C target=0x80076C34 a0=0x80076664 a1=0x00000000 a2=0x00000008 a3=0x80133C88 payload=C001FF0140000100
[BOUNDARY_REPORT] 149 func_80076C34 <- func_8007506C target=0x80076C34 a0=0x80076664 a1=0x00000000 a2=0x00000008 a3=0x80133D08 payload=0000E00100012000
[BOUNDARY_REPORT] 150 func_80076C34 <- func_8007506C target=0x80076C34 a0=0x80076664 a1=0x00000000 a2=0x00000008 a3=0x80137D08 payload=000200004000FF00
[BOUNDARY_REPORT] 151 func_80076C34 <- func_8007506C target=0x80076C34 a0=0x80076664 a1=0x00000000 a2=0x00000008 a3=0x80133C88 payload=0002FF0040000100
[BOUNDARY_REPORT] 152 func_80076C34 <- func_8007506C target=0x80076C34 a0=0x80076664 a1=0x00000000 a2=0x00000008 a3=0x8013FC88 payload=400200004000FF00
[BOUNDARY_REPORT] 153 func_80076C34 <- func_8007506C target=0x80076C34 a0=0x80076664 a1=0x00000000 a2=0x00000008 a3=0x80133C88 payload=4002FF0040000100
[BOUNDARY_REPORT] 154 func_80076C34 <- func_8007506C target=0x80076C34 a0=0x80076664 a1=0x00000000 a2=0x00000008 a3=0x80147C08 payload=0000C20100010200
[BOUNDARY_REPORT] 155 func_80076C34 <- func_8007506C target=0x80076C34 a0=0x80076664 a1=0x00000000 a2=0x00000008 a3=0x80148008 payload=0000C40100010200
[BOUNDARY_REPORT] 156 func_80076C34 <- func_8007506C target=0x80076C34 a0=0x80076664 a1=0x00000000 a2=0x00000008 a3=0x801ED808 payload=000300004000FF00
[BOUNDARY_REPORT] 157 func_80076C34 <- func_8007506C target=0x80076C34 a0=0x80076664 a1=0x00000000 a2=0x00000008 a3=0x801F5788 payload=0003FF0040000100
[BOUNDARY_REPORT] 158 func_80076C34 <- func_8007506C target=0x80076C34 a0=0x80076664 a1=0x00000000 a2=0x00000008 a3=0x801F5808 payload=400300004000FF00
[BOUNDARY_REPORT] 159 func_80076C34 <- func_8007506C target=0x80076C34 a0=0x80076664 a1=0x00000000 a2=0x00000008 a3=0x801FD788 payload=4003FF0040000100
[BOUNDARY_REPORT] 160 func_80076C34 <- func_8007506C target=0x80076C34 a0=0x80076664 a1=0x00000000 a2=0x00000008 a3=0x8010BD08 payload=800300004000FF00
[BOUNDARY_REPORT] 161 func_80076C34 <- func_8007506C target=0x80076C34 a0=0x80076664 a1=0x00000000 a2=0x00000008 a3=0x80113C88 payload=8003FF0040000100
[BOUNDARY_REPORT] 162 func_80076C34 <- func_8007506C target=0x80076C34 a0=0x80076664 a1=0x00000000 a2=0x00000008 a3=0x80113D08 payload=C00300004000FF00
[BOUNDARY_REPORT] 163 func_80076C34 <- func_8007506C target=0x80076C34 a0=0x80076664 a1=0x00000000 a2=0x00000008 a3=0x8011BC88 payload=C003FF0040000100
[BOUNDARY_REPORT] 164 func_80076C34 <- func_8007506C target=0x80076C34 a0=0x80076664 a1=0x00000000 a2=0x00000008 a3=0x8011BD08 payload=400100014000FF00
[BOUNDARY_REPORT] 165 func_80076C34 <- func_8007506C target=0x80076C34 a0=0x80076664 a1=0x00000000 a2=0x00000008 a3=0x80123C88 payload=4001FF0140000100
[BOUNDARY_REPORT] 166 func_80076C34 <- func_8007506C target=0x80076C34 a0=0x80076664 a1=0x00000000 a2=0x00000008 a3=0x80123D08 payload=800100014000FF00
[BOUNDARY_REPORT] 167 func_80076C34 <- func_8007506C target=0x80076C34 a0=0x80076664 a1=0x00000000 a2=0x00000008 a3=0x8012BC88 payload=8001FF0140000100
[BOUNDARY_REPORT] 168 func_80076C34 <- func_8007506C target=0x80076C34 a0=0x80076664 a1=0x00000000 a2=0x00000008 a3=0x8012BD08 payload=C00100014000FF00
[BOUNDARY_REPORT] 169 func_80076C34 <- func_8007506C target=0x80076C34 a0=0x80076664 a1=0x00000000 a2=0x00000008 a3=0x80133C88 payload=C001FF0140000100
[BOUNDARY_REPORT] 170 func_80076C34 <- func_8007506C target=0x80076C34 a0=0x80076664 a1=0x00000000 a2=0x00000008 a3=0x80133D08 payload=000200014000FF00
[BOUNDARY_REPORT] 171 func_80076C34 <- func_8007506C target=0x80076C34 a0=0x80076664 a1=0x00000000 a2=0x00000008 a3=0x8013BC88 payload=0002FF0140000100
[BOUNDARY_REPORT] 172 func_80076C34 <- func_8007506C target=0x80076C34 a0=0x80076664 a1=0x00000000 a2=0x00000008 a3=0x8013BD08 payload=400200014000FF00
[BOUNDARY_REPORT] 173 func_80076C34 <- func_8007506C target=0x80076C34 a0=0x80076664 a1=0x00000000 a2=0x00000008 a3=0x80143C88 payload=4002FF0140000100
[BOUNDARY_REPORT] 174 func_80076C34 <- func_8007506C target=0x80076C34 a0=0x80076664 a1=0x00000000 a2=0x00000008 a3=0x80143D08 payload=0000E00100012000
[BOUNDARY_REPORT] 175 func_80076C34 <- func_8007506C target=0x80076C34 a0=0x80076664 a1=0x00000000 a2=0x00000008 a3=0x80147D08 payload=000200004000FF00
[BOUNDARY_REPORT] 176 func_80076C34 <- func_8007506C target=0x80076C34 a0=0x80076664 a1=0x00000000 a2=0x00000008 a3=0x80143C88 payload=0002FF0040000100
[BOUNDARY_REPORT] 177 func_80076C34 <- func_8007506C target=0x80076C34 a0=0x80076664 a1=0x00000000 a2=0x00000008 a3=0x8014FC88 payload=400200004000FF00
[BOUNDARY_REPORT] 178 func_80076C34 <- func_8007506C target=0x80076C34 a0=0x80076664 a1=0x00000000 a2=0x00000008 a3=0x80143C88 payload=4002FF0040000100
[BOUNDARY_REPORT] 179 func_80076C34 <- func_8007506C target=0x80076C34 a0=0x80076664 a1=0x00000000 a2=0x00000008 a3=0x80157C08 payload=800200004000FF00
[BOUNDARY_REPORT] 180 func_80076C34 <- func_8007506C target=0x80076C34 a0=0x80076664 a1=0x00000000 a2=0x00000008 a3=0x80143C88 payload=8002FF0040000100
[BOUNDARY_REPORT] 181 func_80076C34 <- func_8007506C target=0x80076C34 a0=0x80076664 a1=0x00000000 a2=0x00000008 a3=0x8015FB88 payload=800200014000FF00
[BOUNDARY_REPORT] 182 func_80076C34 <- func_8007506C target=0x80076C34 a0=0x80076664 a1=0x00000000 a2=0x00000008 a3=0x80143C88 payload=8002FF0140000100
[BOUNDARY_REPORT] 183 func_80076C34 <- func_8007506C target=0x80076C34 a0=0x80076664 a1=0x00000000 a2=0x00000008 a3=0x80167B08 payload=0000C20100010200
[BOUNDARY_REPORT] 184 func_80076C34 <- func_8007506C target=0x80076C34 a0=0x80076664 a1=0x00000000 a2=0x00000008 a3=0x80167F08 payload=0000C40100010200
[BOUNDARY_REPORT] 185 func_80076C34 <- func_8007506C target=0x80076C34 a0=0x80076664 a1=0x00000000 a2=0x00000008 a3=0x80168308 payload=0000C60100010200
[BOUNDARY_REPORT] 186 func_80076C34 <- func_8007506C target=0x80076C34 a0=0x80076664 a1=0x00000000 a2=0x00000008 a3=0x80168708 payload=0000FC0100010200
[BOUNDARY_REPORT] 187 func_80076C34 <- func_8007506C target=0x80076C34 a0=0x80076664 a1=0x00000000 a2=0x00000008 a3=0x801ED808 payload=C00300014000FF00
[BOUNDARY_REPORT] 188 func_80076C34 <- func_8007506C target=0x80076C34 a0=0x80076664 a1=0x00000000 a2=0x00000008 a3=0x801F5788 payload=0000C00100010200
[BOUNDARY_REPORT] 189 func_80076C34 <- func_8007506C target=0x80076C34 a0=0x80076664 a1=0x00000000 a2=0x00000008 a3=0x801F5B88 payload=C003FF0140000100
[BOUNDARY_REPORT] 190 func_80076C34 <- func_8007506C target=0x80076C34 a0=0x80076664 a1=0x00000000 a2=0x00000008 a3=0x801ED808 payload=000300004000FF00
[BOUNDARY_REPORT] 191 func_80076C34 <- func_8007506C target=0x80076C34 a0=0x80076664 a1=0x00000000 a2=0x00000008 a3=0x801F5788 payload=0003FF0040000100
[BOUNDARY_REPORT] 192 func_80076C34 <- func_8007506C target=0x80076C34 a0=0x80076664 a1=0x00000000 a2=0x00000008 a3=0x801F5808 payload=400300004000FF00
[BOUNDARY_REPORT] 193 func_80076C34 <- func_8007506C target=0x80076C34 a0=0x80076664 a1=0x00000000 a2=0x00000008 a3=0x801FD788 payload=4003FF0040000100
[BOUNDARY_REPORT] 194 func_80076C34 <- func_8007506C target=0x80076C34 a0=0x80076664 a1=0x00000000 a2=0x00000008 a3=0x8010BD08 payload=800300004000FF00
[BOUNDARY_REPORT] 195 func_80076C34 <- func_8007506C target=0x80076C34 a0=0x80076664 a1=0x00000000 a2=0x00000008 a3=0x80113C88 payload=8003FF0040000100
[BOUNDARY_REPORT] 196 func_80076C34 <- func_8007506C target=0x80076C34 a0=0x80076664 a1=0x00000000 a2=0x00000008 a3=0x80113D08 payload=C00300004000FF00
[BOUNDARY_REPORT] 197 func_80076C34 <- func_8007506C target=0x80076C34 a0=0x80076664 a1=0x00000000 a2=0x00000008 a3=0x8011BC88 payload=C003FF0040000100
[BOUNDARY_REPORT] 198 func_80076C34 <- func_8007506C target=0x80076C34 a0=0x80076664 a1=0x00000000 a2=0x00000008 a3=0x8011BD08 payload=400100014000FF00
[BOUNDARY_REPORT] 199 func_80076C34 <- func_8007506C target=0x80076C34 a0=0x80076664 a1=0x00000000 a2=0x00000008 a3=0x80123C88 payload=4001FF0140000100
[BOUNDARY_REPORT] 200 func_80076C34 <- func_8007506C target=0x80076C34 a0=0x80076664 a1=0x00000000 a2=0x00000008 a3=0x80123D08 payload=800100014000FF00
[BOUNDARY_REPORT] 201 func_80076C34 <- func_8007506C target=0x80076C34 a0=0x80076664 a1=0x00000000 a2=0x00000008 a3=0x8012BC88 payload=8001FF0140000100
[BOUNDARY_REPORT] 202 func_80076C34 <- func_8007506C target=0x80076C34 a0=0x80076664 a1=0x00000000 a2=0x00000008 a3=0x8012BD08 payload=C00100014000FF00
[BOUNDARY_REPORT] 203 func_80076C34 <- func_8007506C target=0x80076C34 a0=0x80076664 a1=0x00000000 a2=0x00000008 a3=0x80133C88 payload=C001FF0140000100
[BOUNDARY_REPORT] 204 func_80076C34 <- func_8007506C target=0x80076C34 a0=0x80076664 a1=0x00000000 a2=0x00000008 a3=0x80133D08 payload=000200014000FF00
[BOUNDARY_REPORT] 205 func_80076C34 <- func_8007506C target=0x80076C34 a0=0x80076664 a1=0x00000000 a2=0x00000008 a3=0x8013BC88 payload=0002FF0140000100
[BOUNDARY_REPORT] 206 func_80076C34 <- func_8007506C target=0x80076C34 a0=0x80076664 a1=0x00000000 a2=0x00000008 a3=0x8013BD08 payload=400200014000FF00
[BOUNDARY_REPORT] 207 func_80076C34 <- func_8007506C target=0x80076C34 a0=0x80076664 a1=0x00000000 a2=0x00000008 a3=0x80143C88 payload=4002FF0140000100
[BOUNDARY_REPORT] 208 func_80076C34 <- func_8007506C target=0x80076C34 a0=0x80076664 a1=0x00000000 a2=0x00000008 a3=0x80143D08 payload=800200014000FF00
[BOUNDARY_REPORT] 209 func_80076C34 <- func_8007506C target=0x80076C34 a0=0x80076664 a1=0x00000000 a2=0x00000008 a3=0x8014BC88 payload=8002FF0140000100
[BOUNDARY_REPORT] 210 func_80076C34 <- func_8007506C target=0x80076C34 a0=0x80076664 a1=0x00000000 a2=0x00000008 a3=0x8014BD08 payload=C00200014000FF00
[BOUNDARY_REPORT] 211 func_80076C34 <- func_8007506C target=0x80076C34 a0=0x80076664 a1=0x00000000 a2=0x00000008 a3=0x80153C88 payload=C002FF0140000100
[BOUNDARY_REPORT] 212 func_80076C34 <- func_8007506C target=0x80076C34 a0=0x80076664 a1=0x00000000 a2=0x00000008 a3=0x80153D08 payload=0000E00100012000
[BOUNDARY_REPORT] 213 func_80076C34 <- func_8007506C target=0x80076C34 a0=0x80076664 a1=0x00000000 a2=0x00000008 a3=0x80157D08 payload=000200004000FF00
[BOUNDARY_REPORT] 214 func_80076C34 <- func_8007506C target=0x80076C34 a0=0x80076664 a1=0x00000000 a2=0x00000008 a3=0x80153C88 payload=0002FF0040000100
[BOUNDARY_REPORT] 215 func_80076C34 <- func_8007506C target=0x80076C34 a0=0x80076664 a1=0x00000000 a2=0x00000008 a3=0x8015FC88 payload=400200004000FF00
[BOUNDARY_REPORT] 216 func_80076C34 <- func_8007506C target=0x80076C34 a0=0x80076664 a1=0x00000000 a2=0x00000008 a3=0x80153C88 payload=4002FF0040000100
[BOUNDARY_REPORT] 217 func_80076C34 <- func_8007506C target=0x80076C34 a0=0x80076664 a1=0x00000000 a2=0x00000008 a3=0x80167C08 payload=0000C20100010200
[BOUNDARY_REPORT] 218 func_80076C34 <- func_8007506C target=0x80076C34 a0=0x80076664 a1=0x00000000 a2=0x00000008 a3=0x80168008 payload=0000C40100010200
[BOUNDARY_REPORT] 219 func_80076C34 <- func_8007506C target=0x80076C34 a0=0x80076664 a1=0x00000000 a2=0x00000008 a3=0x801ED808 payload=000300004000FF00
[BOUNDARY_REPORT] 220 func_80076C34 <- func_8007506C target=0x80076C34 a0=0x80076664 a1=0x00000000 a2=0x00000008 a3=0x801F5788 payload=0003FF0040000100
[BOUNDARY_REPORT] 221 func_80076C34 <- func_8007506C target=0x80076C34 a0=0x80076664 a1=0x00000000 a2=0x00000008 a3=0x801F5808 payload=400300004000FF00
[BOUNDARY_REPORT] 222 func_80076C34 <- func_8007506C target=0x80076C34 a0=0x80076664 a1=0x00000000 a2=0x00000008 a3=0x801FD788 payload=4003FF0040000100
[BOUNDARY_REPORT] 223 func_80076C34 <- func_8007506C target=0x80076C34 a0=0x80076664 a1=0x00000000 a2=0x00000008 a3=0x8010BD08 payload=800300004000FF00
[BOUNDARY_REPORT] 224 func_80076C34 <- func_8007506C target=0x80076C34 a0=0x80076664 a1=0x00000000 a2=0x00000008 a3=0x80113C88 payload=8003FF0040000100
[BOUNDARY_REPORT] 225 func_80076C34 <- func_8007506C target=0x80076C34 a0=0x80076664 a1=0x00000000 a2=0x00000008 a3=0x80113D08 payload=C00300004000FF00
[BOUNDARY_REPORT] 226 func_80076C34 <- func_8007506C target=0x80076C34 a0=0x80076664 a1=0x00000000 a2=0x00000008 a3=0x8011BC88 payload=C003FF0040000100
[BOUNDARY_REPORT] 227 func_80076C34 <- func_8007506C target=0x80076C34 a0=0x80076664 a1=0x00000000 a2=0x00000008 a3=0x8011BD08 payload=400100014000FF00
[BOUNDARY_REPORT] 228 func_80076C34 <- func_8007506C target=0x80076C34 a0=0x80076664 a1=0x00000000 a2=0x00000008 a3=0x80123C88 payload=4001FF0140000100
[BOUNDARY_REPORT] 229 func_80076C34 <- func_8007506C target=0x80076C34 a0=0x80076664 a1=0x00000000 a2=0x00000008 a3=0x80123D08 payload=800100014000FF00
[BOUNDARY_REPORT] 230 func_80076C34 <- func_8007506C target=0x80076C34 a0=0x80076664 a1=0x00000000 a2=0x00000008 a3=0x8012BC88 payload=8001FF0140000100
[BOUNDARY_REPORT] 231 func_80076C34 <- func_8007506C target=0x80076C34 a0=0x80076664 a1=0x00000000 a2=0x00000008 a3=0x8012BD08 payload=C00100014000FF00
[BOUNDARY_REPORT] 232 func_80076C34 <- func_8007506C target=0x80076C34 a0=0x80076664 a1=0x00000000 a2=0x00000008 a3=0x80133C88 payload=C001FF0140000100
[BOUNDARY_REPORT] 233 func_80076C34 <- func_8007506C target=0x80076C34 a0=0x80076664 a1=0x00000000 a2=0x00000008 a3=0x80133D08 payload=0000E00100012000
[BOUNDARY_REPORT] 234 func_80076C34 <- func_8007506C target=0x80076C34 a0=0x80076664 a1=0x00000000 a2=0x00000008 a3=0x80137D08 payload=000200004000FF00
[BOUNDARY_REPORT] 235 func_80076C34 <- func_8007506C target=0x80076C34 a0=0x80076664 a1=0x00000000 a2=0x00000008 a3=0x80133C88 payload=0002FF0040000100
[BOUNDARY_REPORT] 236 func_80076C34 <- func_8007506C target=0x80076C34 a0=0x80076664 a1=0x00000000 a2=0x00000008 a3=0x8013FC88 payload=0000C20100010200
[BOUNDARY_REPORT] 237 func_80076C34 <- func_8007506C target=0x80076C34 a0=0x80076664 a1=0x00000000 a2=0x00000008 a3=0x801ED808 payload=000300004000FF00
[BOUNDARY_REPORT] 238 func_80076C34 <- func_8007506C target=0x80076C34 a0=0x80076664 a1=0x00000000 a2=0x00000008 a3=0x801F5788 payload=0003FF0040000100
[BOUNDARY_REPORT] 239 func_80076C34 <- func_8007506C target=0x80076C34 a0=0x80076664 a1=0x00000000 a2=0x00000008 a3=0x801F5808 payload=400300004000FF00
[BOUNDARY_REPORT] 240 func_80076C34 <- func_8007506C target=0x80076C34 a0=0x80076664 a1=0x00000000 a2=0x00000008 a3=0x801FD788 payload=4003FF0040000100
[BOUNDARY_REPORT] 241 func_80076C34 <- func_8007506C target=0x80076C34 a0=0x80076664 a1=0x00000000 a2=0x00000008 a3=0x8010BD08 payload=800300004000FF00
[BOUNDARY_REPORT] 242 func_80076C34 <- func_8007506C target=0x80076C34 a0=0x80076664 a1=0x00000000 a2=0x00000008 a3=0x80113C88 payload=8003FF0040000100
[BOUNDARY_REPORT] 243 func_80076C34 <- func_8007506C target=0x80076C34 a0=0x80076664 a1=0x00000000 a2=0x00000008 a3=0x80113D08 payload=0000E00100012000
[BOUNDARY_REPORT] 244 func_80076C34 <- func_8007506C target=0x80076C34 a0=0x80076664 a1=0x00000000 a2=0x00000008 a3=0x80117D08 payload=000200004000FF00
[BOUNDARY_REPORT] 245 func_80076C34 <- func_8007506C target=0x80076C34 a0=0x80076664 a1=0x00000000 a2=0x00000008 a3=0x80113C88 payload=0002FF0040000100
[BOUNDARY_REPORT] 246 func_80076C34 <- func_8007506C target=0x80076C34 a0=0x80076664 a1=0x00000000 a2=0x00000008 a3=0x8011FC88 payload=0000C20100010200
[BOUNDARY_REPORT] 247 func_80076C34 <- func_8007506C target=0x80076C34 a0=0x80076664 a1=0x00000000 a2=0x00000008 a3=0x801ED808 payload=000300004000FF00
[BOUNDARY_REPORT] 248 func_80076C34 <- func_8007506C target=0x80076C34 a0=0x80076664 a1=0x00000000 a2=0x00000008 a3=0x801F5788 payload=0003FF0040000100
[BOUNDARY_REPORT] 249 func_80076C34 <- func_8007506C target=0x80076C34 a0=0x80076664 a1=0x00000000 a2=0x00000008 a3=0x801F5808 payload=400300004000FF00
[BOUNDARY_REPORT] 250 func_80076C34 <- func_8007506C target=0x80076C34 a0=0x80076664 a1=0x00000000 a2=0x00000008 a3=0x801FD788 payload=4003FF0040000100
[BOUNDARY_REPORT] 251 func_80076C34 <- func_8007506C target=0x80076C34 a0=0x80076664 a1=0x00000000 a2=0x00000008 a3=0x8010BD08 payload=800300004000FF00
[BOUNDARY_REPORT] 252 func_80076C34 <- func_8007506C target=0x80076C34 a0=0x80076664 a1=0x00000000 a2=0x00000008 a3=0x80113C88 payload=8003FF0040000100
[BOUNDARY_REPORT] 253 func_80076C34 <- func_8007506C target=0x80076C34 a0=0x80076664 a1=0x00000000 a2=0x00000008 a3=0x80113D08 payload=C00300004000FF00
[BOUNDARY_REPORT] 254 func_80076C34 <- func_8007506C target=0x80076C34 a0=0x80076664 a1=0x00000000 a2=0x00000008 a3=0x8011BC88 payload=C003FF0040000100
[BOUNDARY_REPORT] 255 func_80076C34 <- func_8007506C target=0x80076C34 a0=0x80076664 a1=0x00000000 a2=0x00000008 a3=0x8011BD08 payload=400100014000FF00
[TRACE 0000] shutdown_end

=== Stub Summary ===
implemented:       0
host-adapted:      4
bootstrap-return:  0
unsupported:       0
invoked bootstrap stubs: 0
uninvoked stubs:   0
